------------------------------------------------------------
Timing Analyzer Summary
------------------------------------------------------------

Type  : Slow 1200mV 85C Model Setup 'ADC_CLK_10'
Slack : -3.989
TNS   : -71.575

Type  : Slow 1200mV 85C Model Setup 'clkdiv:D1|clockout'
Slack : -0.366
TNS   : -1.312

Type  : Slow 1200mV 85C Model Setup 'KEY[0]'
Slack : -0.241
TNS   : -0.241

Type  : Slow 1200mV 85C Model Hold 'clkdiv:D1|clockout'
Slack : 0.341
TNS   : 0.000

Type  : Slow 1200mV 85C Model Hold 'ADC_CLK_10'
Slack : 0.639
TNS   : 0.000

Type  : Slow 1200mV 85C Model Hold 'KEY[0]'
Slack : 0.751
TNS   : 0.000

Type  : Slow 1200mV 85C Model Recovery 'clkdiv:D1|clockout'
Slack : -0.792
TNS   : -3.168

Type  : Slow 1200mV 85C Model Removal 'clkdiv:D1|clockout'
Slack : 1.160
TNS   : 0.000

Type  : Slow 1200mV 85C Model Minimum Pulse Width 'ADC_CLK_10'
Slack : -3.000
TNS   : -39.478

Type  : Slow 1200mV 85C Model Minimum Pulse Width 'KEY[0]'
Slack : -3.000
TNS   : -4.403

Type  : Slow 1200mV 85C Model Minimum Pulse Width 'clkdiv:D1|clockout'
Slack : -1.403
TNS   : -7.015

Type  : Slow 1200mV 0C Model Setup 'ADC_CLK_10'
Slack : -3.605
TNS   : -63.977

Type  : Slow 1200mV 0C Model Setup 'clkdiv:D1|clockout'
Slack : -0.249
TNS   : -0.850

Type  : Slow 1200mV 0C Model Setup 'KEY[0]'
Slack : -0.143
TNS   : -0.143

Type  : Slow 1200mV 0C Model Hold 'clkdiv:D1|clockout'
Slack : 0.306
TNS   : 0.000

Type  : Slow 1200mV 0C Model Hold 'ADC_CLK_10'
Slack : 0.591
TNS   : 0.000

Type  : Slow 1200mV 0C Model Hold 'KEY[0]'
Slack : 0.683
TNS   : 0.000

Type  : Slow 1200mV 0C Model Recovery 'clkdiv:D1|clockout'
Slack : -0.796
TNS   : -3.184

Type  : Slow 1200mV 0C Model Removal 'clkdiv:D1|clockout'
Slack : 1.119
TNS   : 0.000

Type  : Slow 1200mV 0C Model Minimum Pulse Width 'ADC_CLK_10'
Slack : -3.000
TNS   : -39.478

Type  : Slow 1200mV 0C Model Minimum Pulse Width 'KEY[0]'
Slack : -3.000
TNS   : -4.403

Type  : Slow 1200mV 0C Model Minimum Pulse Width 'clkdiv:D1|clockout'
Slack : -1.403
TNS   : -7.015

Type  : Fast 1200mV 0C Model Setup 'ADC_CLK_10'
Slack : -1.122
TNS   : -14.131

Type  : Fast 1200mV 0C Model Setup 'clkdiv:D1|clockout'
Slack : 0.406
TNS   : 0.000

Type  : Fast 1200mV 0C Model Setup 'KEY[0]'
Slack : 0.505
TNS   : 0.000

Type  : Fast 1200mV 0C Model Hold 'clkdiv:D1|clockout'
Slack : 0.148
TNS   : 0.000

Type  : Fast 1200mV 0C Model Hold 'ADC_CLK_10'
Slack : 0.247
TNS   : 0.000

Type  : Fast 1200mV 0C Model Hold 'KEY[0]'
Slack : 0.305
TNS   : 0.000

Type  : Fast 1200mV 0C Model Recovery 'clkdiv:D1|clockout'
Slack : 0.348
TNS   : 0.000

Type  : Fast 1200mV 0C Model Removal 'clkdiv:D1|clockout'
Slack : 0.227
TNS   : 0.000

Type  : Fast 1200mV 0C Model Minimum Pulse Width 'ADC_CLK_10'
Slack : -3.000
TNS   : -29.754

Type  : Fast 1200mV 0C Model Minimum Pulse Width 'KEY[0]'
Slack : -3.000
TNS   : -4.063

Type  : Fast 1200mV 0C Model Minimum Pulse Width 'clkdiv:D1|clockout'
Slack : -1.000
TNS   : -5.000

------------------------------------------------------------
