------------------------------------------------------------
Timing Analyzer Summary
------------------------------------------------------------

Type  : Slow 1200mV 85C Model Setup 'ADC_CLK_10'
Slack : -4.290
TNS   : -118.512

Type  : Slow 1200mV 85C Model Setup 'bcd1:B4|out'
Slack : -0.408
TNS   : -1.313

Type  : Slow 1200mV 85C Model Setup 'clkdiv:D1|clock'
Slack : -0.382
TNS   : -1.629

Type  : Slow 1200mV 85C Model Setup 'KEY[0]'
Slack : -0.350
TNS   : -0.350

Type  : Slow 1200mV 85C Model Setup 'KEY[1]'
Slack : 0.298
TNS   : 0.000

Type  : Slow 1200mV 85C Model Hold 'clkdiv:D1|clock'
Slack : 0.348
TNS   : 0.000

Type  : Slow 1200mV 85C Model Hold 'bcd1:B4|out'
Slack : 0.349
TNS   : 0.000

Type  : Slow 1200mV 85C Model Hold 'KEY[1]'
Slack : 0.393
TNS   : 0.000

Type  : Slow 1200mV 85C Model Hold 'ADC_CLK_10'
Slack : 0.435
TNS   : 0.000

Type  : Slow 1200mV 85C Model Hold 'KEY[0]'
Slack : 1.002
TNS   : 0.000

Type  : Slow 1200mV 85C Model Recovery 'bcd1:B4|out'
Slack : -2.647
TNS   : -7.034

Type  : Slow 1200mV 85C Model Recovery 'clkdiv:D1|clock'
Slack : -1.422
TNS   : -7.110

Type  : Slow 1200mV 85C Model Recovery 'ADC_CLK_10'
Slack : -0.815
TNS   : -5.588

Type  : Slow 1200mV 85C Model Removal 'ADC_CLK_10'
Slack : 1.208
TNS   : 0.000

Type  : Slow 1200mV 85C Model Removal 'bcd1:B4|out'
Slack : 1.480
TNS   : 0.000

Type  : Slow 1200mV 85C Model Removal 'clkdiv:D1|clock'
Slack : 1.823
TNS   : 0.000

Type  : Slow 1200mV 85C Model Minimum Pulse Width 'ADC_CLK_10'
Slack : -3.000
TNS   : -60.523

Type  : Slow 1200mV 85C Model Minimum Pulse Width 'KEY[0]'
Slack : -3.000
TNS   : -4.403

Type  : Slow 1200mV 85C Model Minimum Pulse Width 'KEY[1]'
Slack : -3.000
TNS   : -4.403

Type  : Slow 1200mV 85C Model Minimum Pulse Width 'bcd1:B4|out'
Slack : -1.403
TNS   : -7.015

Type  : Slow 1200mV 85C Model Minimum Pulse Width 'clkdiv:D1|clock'
Slack : -1.403
TNS   : -7.015

Type  : Slow 1200mV 0C Model Setup 'ADC_CLK_10'
Slack : -3.909
TNS   : -106.213

Type  : Slow 1200mV 0C Model Setup 'bcd1:B4|out'
Slack : -0.277
TNS   : -0.827

Type  : Slow 1200mV 0C Model Setup 'clkdiv:D1|clock'
Slack : -0.252
TNS   : -1.047

Type  : Slow 1200mV 0C Model Setup 'KEY[0]'
Slack : -0.231
TNS   : -0.231

Type  : Slow 1200mV 0C Model Setup 'KEY[1]'
Slack : 0.362
TNS   : 0.000

Type  : Slow 1200mV 0C Model Hold 'bcd1:B4|out'
Slack : 0.312
TNS   : 0.000

Type  : Slow 1200mV 0C Model Hold 'clkdiv:D1|clock'
Slack : 0.313
TNS   : 0.000

Type  : Slow 1200mV 0C Model Hold 'KEY[1]'
Slack : 0.355
TNS   : 0.000

Type  : Slow 1200mV 0C Model Hold 'ADC_CLK_10'
Slack : 0.399
TNS   : 0.000

Type  : Slow 1200mV 0C Model Hold 'KEY[0]'
Slack : 0.918
TNS   : 0.000

Type  : Slow 1200mV 0C Model Recovery 'bcd1:B4|out'
Slack : -2.356
TNS   : -6.610

Type  : Slow 1200mV 0C Model Recovery 'clkdiv:D1|clock'
Slack : -1.376
TNS   : -6.880

Type  : Slow 1200mV 0C Model Recovery 'ADC_CLK_10'
Slack : -0.792
TNS   : -5.430

Type  : Slow 1200mV 0C Model Removal 'ADC_CLK_10'
Slack : 1.185
TNS   : 0.000

Type  : Slow 1200mV 0C Model Removal 'bcd1:B4|out'
Slack : 1.418
TNS   : 0.000

Type  : Slow 1200mV 0C Model Removal 'clkdiv:D1|clock'
Slack : 1.749
TNS   : 0.000

Type  : Slow 1200mV 0C Model Minimum Pulse Width 'ADC_CLK_10'
Slack : -3.000
TNS   : -60.523

Type  : Slow 1200mV 0C Model Minimum Pulse Width 'KEY[0]'
Slack : -3.000
TNS   : -4.403

Type  : Slow 1200mV 0C Model Minimum Pulse Width 'KEY[1]'
Slack : -3.000
TNS   : -4.403

Type  : Slow 1200mV 0C Model Minimum Pulse Width 'bcd1:B4|out'
Slack : -1.403
TNS   : -7.015

Type  : Slow 1200mV 0C Model Minimum Pulse Width 'clkdiv:D1|clock'
Slack : -1.403
TNS   : -7.015

Type  : Fast 1200mV 0C Model Setup 'ADC_CLK_10'
Slack : -1.265
TNS   : -25.410

Type  : Fast 1200mV 0C Model Setup 'bcd1:B4|out'
Slack : 0.371
TNS   : 0.000

Type  : Fast 1200mV 0C Model Setup 'clkdiv:D1|clock'
Slack : 0.388
TNS   : 0.000

Type  : Fast 1200mV 0C Model Setup 'KEY[0]'
Slack : 0.453
TNS   : 0.000

Type  : Fast 1200mV 0C Model Setup 'KEY[1]'
Slack : 0.694
TNS   : 0.000

Type  : Fast 1200mV 0C Model Hold 'clkdiv:D1|clock'
Slack : 0.152
TNS   : 0.000

Type  : Fast 1200mV 0C Model Hold 'bcd1:B4|out'
Slack : 0.153
TNS   : 0.000

Type  : Fast 1200mV 0C Model Hold 'KEY[1]'
Slack : 0.170
TNS   : 0.000

Type  : Fast 1200mV 0C Model Hold 'ADC_CLK_10'
Slack : 0.175
TNS   : 0.000

Type  : Fast 1200mV 0C Model Hold 'KEY[0]'
Slack : 0.405
TNS   : 0.000

Type  : Fast 1200mV 0C Model Recovery 'bcd1:B4|out'
Slack : -1.302
TNS   : -1.302

Type  : Fast 1200mV 0C Model Recovery 'clkdiv:D1|clock'
Slack : 0.168
TNS   : 0.000

Type  : Fast 1200mV 0C Model Recovery 'ADC_CLK_10'
Slack : 0.386
TNS   : 0.000

Type  : Fast 1200mV 0C Model Removal 'ADC_CLK_10'
Slack : 0.245
TNS   : 0.000

Type  : Fast 1200mV 0C Model Removal 'bcd1:B4|out'
Slack : 0.308
TNS   : 0.000

Type  : Fast 1200mV 0C Model Removal 'clkdiv:D1|clock'
Slack : 0.461
TNS   : 0.000

Type  : Fast 1200mV 0C Model Minimum Pulse Width 'ADC_CLK_10'
Slack : -3.000
TNS   : -50.838

Type  : Fast 1200mV 0C Model Minimum Pulse Width 'KEY[0]'
Slack : -3.000
TNS   : -4.315

Type  : Fast 1200mV 0C Model Minimum Pulse Width 'KEY[1]'
Slack : -3.000
TNS   : -4.235

Type  : Fast 1200mV 0C Model Minimum Pulse Width 'bcd1:B4|out'
Slack : -1.000
TNS   : -5.000

Type  : Fast 1200mV 0C Model Minimum Pulse Width 'clkdiv:D1|clock'
Slack : -1.000
TNS   : -5.000

------------------------------------------------------------
