Analysis & Synthesis report for lab3
Tue Dec 10 21:09:29 2019
Quartus Prime Version 18.1.0 Build 625 09/12/2018 SJ Lite Edition


---------------------
; Table of Contents ;
---------------------
  1. Legal Notice
  2. Analysis & Synthesis Summary
  3. Analysis & Synthesis Settings
  4. Parallel Compilation
  5. Analysis & Synthesis Source Files Read
  6. Analysis & Synthesis Resource Usage Summary
  7. Analysis & Synthesis Resource Utilization by Entity
  8. Analysis & Synthesis RAM Summary
  9. Analysis & Synthesis IP Cores Summary
 10. Registers Removed During Synthesis
 11. Removed Registers Triggering Further Register Optimizations
 12. General Register Statistics
 13. Source assignments for ctlmem:S1|altsyncram:altsyncram_component|altsyncram_25b1:auto_generated
 14. Parameter Settings for User Entity Instance: Top-level Entity: |lab3
 15. Parameter Settings for User Entity Instance: ctlmem:S1|altsyncram:altsyncram_component
 16. altsyncram Parameter Settings by Entity Instance
 17. Port Connectivity Checks: "mach:M1|sevenseg:S0"
 18. Port Connectivity Checks: "mach:M1|sevenseg:S1"
 19. Port Connectivity Checks: "mach:M1|sevenseg:S2"
 20. Port Connectivity Checks: "mach:M1|sevenseg:S3"
 21. Port Connectivity Checks: "mach:M1|sevenseg:S4"
 22. Port Connectivity Checks: "mach:M1|sevenseg:S5"
 23. Port Connectivity Checks: "mach:M1"
 24. Port Connectivity Checks: "ctlmem:S1"
 25. Port Connectivity Checks: "counter:C1"
 26. Post-Synthesis Netlist Statistics for Top Partition
 27. Elapsed Time Per Partition
 28. Analysis & Synthesis Messages
 29. Analysis & Synthesis Suppressed Messages



----------------
; Legal Notice ;
----------------
Copyright (C) 2018  Intel Corporation. All rights reserved.
Your use of Intel Corporation's design tools, logic functions 
and other software and tools, and its AMPP partner logic 
functions, and any output files from any of the foregoing 
(including device programming or simulation files), and any 
associated documentation or information are expressly subject 
to the terms and conditions of the Intel Program License 
Subscription Agreement, the Intel Quartus Prime License Agreement,
the Intel FPGA IP License Agreement, or other applicable license
agreement, including, without limitation, that your use is for
the sole purpose of programming logic devices manufactured by
Intel and sold by Intel or its authorized distributors.  Please
refer to the applicable agreement for further details.



+----------------------------------------------------------------------------------+
; Analysis & Synthesis Summary                                                     ;
+------------------------------------+---------------------------------------------+
; Analysis & Synthesis Status        ; Successful - Tue Dec 10 21:09:29 2019       ;
; Quartus Prime Version              ; 18.1.0 Build 625 09/12/2018 SJ Lite Edition ;
; Revision Name                      ; lab3                                        ;
; Top-level Entity Name              ; lab3                                        ;
; Family                             ; MAX 10                                      ;
; Total logic elements               ; 115                                         ;
;     Total combinational functions  ; 115                                         ;
;     Dedicated logic registers      ; 65                                          ;
; Total registers                    ; 65                                          ;
; Total pins                         ; 71                                          ;
; Total virtual pins                 ; 0                                           ;
; Total memory bits                  ; 16                                          ;
; Embedded Multiplier 9-bit elements ; 0                                           ;
; Total PLLs                         ; 0                                           ;
; UFM blocks                         ; 0                                           ;
; ADC blocks                         ; 0                                           ;
+------------------------------------+---------------------------------------------+


+------------------------------------------------------------------------------------------------------------+
; Analysis & Synthesis Settings                                                                              ;
+------------------------------------------------------------------+--------------------+--------------------+
; Option                                                           ; Setting            ; Default Value      ;
+------------------------------------------------------------------+--------------------+--------------------+
; Device                                                           ; 10M50DAF484C7G     ;                    ;
; Top-level entity name                                            ; lab3               ; lab3               ;
; Family name                                                      ; MAX 10             ; Cyclone V          ;
; Use smart compilation                                            ; Off                ; Off                ;
; Enable parallel Assembler and Timing Analyzer during compilation ; On                 ; On                 ;
; Enable compact report table                                      ; Off                ; Off                ;
; Restructure Multiplexers                                         ; Auto               ; Auto               ;
; Create Debugging Nodes for IP Cores                              ; Off                ; Off                ;
; Preserve fewer node names                                        ; On                 ; On                 ;
; Intel FPGA IP Evaluation Mode                                    ; Enable             ; Enable             ;
; Verilog Version                                                  ; Verilog_2001       ; Verilog_2001       ;
; VHDL Version                                                     ; VHDL_1993          ; VHDL_1993          ;
; State Machine Processing                                         ; Auto               ; Auto               ;
; Safe State Machine                                               ; Off                ; Off                ;
; Extract Verilog State Machines                                   ; On                 ; On                 ;
; Extract VHDL State Machines                                      ; On                 ; On                 ;
; Ignore Verilog initial constructs                                ; Off                ; Off                ;
; Iteration limit for constant Verilog loops                       ; 5000               ; 5000               ;
; Iteration limit for non-constant Verilog loops                   ; 250                ; 250                ;
; Add Pass-Through Logic to Inferred RAMs                          ; On                 ; On                 ;
; Infer RAMs from Raw Logic                                        ; On                 ; On                 ;
; Parallel Synthesis                                               ; On                 ; On                 ;
; DSP Block Balancing                                              ; Auto               ; Auto               ;
; NOT Gate Push-Back                                               ; On                 ; On                 ;
; Power-Up Don't Care                                              ; On                 ; On                 ;
; Remove Redundant Logic Cells                                     ; Off                ; Off                ;
; Remove Duplicate Registers                                       ; On                 ; On                 ;
; Ignore CARRY Buffers                                             ; Off                ; Off                ;
; Ignore CASCADE Buffers                                           ; Off                ; Off                ;
; Ignore GLOBAL Buffers                                            ; Off                ; Off                ;
; Ignore ROW GLOBAL Buffers                                        ; Off                ; Off                ;
; Ignore LCELL Buffers                                             ; Off                ; Off                ;
; Ignore SOFT Buffers                                              ; On                 ; On                 ;
; Limit AHDL Integers to 32 Bits                                   ; Off                ; Off                ;
; Optimization Technique                                           ; Balanced           ; Balanced           ;
; Carry Chain Length                                               ; 70                 ; 70                 ;
; Auto Carry Chains                                                ; On                 ; On                 ;
; Auto Open-Drain Pins                                             ; On                 ; On                 ;
; Perform WYSIWYG Primitive Resynthesis                            ; Off                ; Off                ;
; Auto ROM Replacement                                             ; On                 ; On                 ;
; Auto RAM Replacement                                             ; On                 ; On                 ;
; Auto DSP Block Replacement                                       ; On                 ; On                 ;
; Auto Shift Register Replacement                                  ; Auto               ; Auto               ;
; Allow Shift Register Merging across Hierarchies                  ; Auto               ; Auto               ;
; Auto Clock Enable Replacement                                    ; On                 ; On                 ;
; Strict RAM Replacement                                           ; Off                ; Off                ;
; Allow Synchronous Control Signals                                ; On                 ; On                 ;
; Force Use of Synchronous Clear Signals                           ; Off                ; Off                ;
; Auto RAM Block Balancing                                         ; On                 ; On                 ;
; Auto RAM to Logic Cell Conversion                                ; Off                ; Off                ;
; Auto Resource Sharing                                            ; Off                ; Off                ;
; Allow Any RAM Size For Recognition                               ; Off                ; Off                ;
; Allow Any ROM Size For Recognition                               ; Off                ; Off                ;
; Allow Any Shift Register Size For Recognition                    ; Off                ; Off                ;
; Use LogicLock Constraints during Resource Balancing              ; On                 ; On                 ;
; Ignore translate_off and synthesis_off directives                ; Off                ; Off                ;
; Timing-Driven Synthesis                                          ; On                 ; On                 ;
; Report Parameter Settings                                        ; On                 ; On                 ;
; Report Source Assignments                                        ; On                 ; On                 ;
; Report Connectivity Checks                                       ; On                 ; On                 ;
; Ignore Maximum Fan-Out Assignments                               ; Off                ; Off                ;
; Synchronization Register Chain Length                            ; 2                  ; 2                  ;
; Power Optimization During Synthesis                              ; Normal compilation ; Normal compilation ;
; HDL message level                                                ; Level2             ; Level2             ;
; Suppress Register Optimization Related Messages                  ; Off                ; Off                ;
; Number of Removed Registers Reported in Synthesis Report         ; 5000               ; 5000               ;
; Number of Swept Nodes Reported in Synthesis Report               ; 5000               ; 5000               ;
; Number of Inverted Registers Reported in Synthesis Report        ; 100                ; 100                ;
; Clock MUX Protection                                             ; On                 ; On                 ;
; Auto Gated Clock Conversion                                      ; Off                ; Off                ;
; Block Design Naming                                              ; Auto               ; Auto               ;
; SDC constraint protection                                        ; Off                ; Off                ;
; Synthesis Effort                                                 ; Auto               ; Auto               ;
; Shift Register Replacement - Allow Asynchronous Clear Signal     ; On                 ; On                 ;
; Pre-Mapping Resynthesis Optimization                             ; Off                ; Off                ;
; Analysis & Synthesis Message Level                               ; Medium             ; Medium             ;
; Disable Register Merging Across Hierarchies                      ; Auto               ; Auto               ;
; Resource Aware Inference For Block RAM                           ; On                 ; On                 ;
+------------------------------------------------------------------+--------------------+--------------------+


+------------------------------------------+
; Parallel Compilation                     ;
+----------------------------+-------------+
; Processors                 ; Number      ;
+----------------------------+-------------+
; Number detected on machine ; 4           ;
; Maximum allowed            ; 2           ;
;                            ;             ;
; Average used               ; 1.00        ;
; Maximum used               ; 2           ;
;                            ;             ;
; Usage by Processor         ; % Time Used ;
;     Processor 1            ; 100.0%      ;
;     Processor 2            ;   0.0%      ;
+----------------------------+-------------+


+--------------------------------------------------------------------------------------------------------------------------------------------------------------------------------------+
; Analysis & Synthesis Source Files Read                                                                                                                                               ;
+----------------------------------+-----------------+----------------------------------------+------------------------------------------------------------------------------+---------+
; File Name with User-Entered Path ; Used in Netlist ; File Type                              ; File Name with Absolute Path                                                 ; Library ;
+----------------------------------+-----------------+----------------------------------------+------------------------------------------------------------------------------+---------+
; ../Files/slowclk.v               ; yes             ; User Verilog HDL File                  ; C:/Users/sjfre/Documents/Quartus Files/Lab 3/Files/slowclk.v                 ;         ;
; ../Files/mach.v                  ; yes             ; User Verilog HDL File                  ; C:/Users/sjfre/Documents/Quartus Files/Lab 3/Files/mach.v                    ;         ;
; ../Files/counter.v               ; yes             ; User Verilog HDL File                  ; C:/Users/sjfre/Documents/Quartus Files/Lab 3/Files/counter.v                 ;         ;
; ../Files/sevenseg.v              ; yes             ; User Verilog HDL File                  ; C:/Users/sjfre/Documents/Quartus Files/Lab 3/Files/sevenseg.v                ;         ;
; ../Files/ol.v                    ; yes             ; User Verilog HDL File                  ; C:/Users/sjfre/Documents/Quartus Files/Lab 3/Files/ol.v                      ;         ;
; ../Files/nsl.v                   ; yes             ; User Verilog HDL File                  ; C:/Users/sjfre/Documents/Quartus Files/Lab 3/Files/nsl.v                     ;         ;
; ../Files/csl.v                   ; yes             ; User Verilog HDL File                  ; C:/Users/sjfre/Documents/Quartus Files/Lab 3/Files/csl.v                     ;         ;
; ../Files/lab3.v                  ; yes             ; User Verilog HDL File                  ; C:/Users/sjfre/Documents/Quartus Files/Lab 3/Files/lab3.v                    ;         ;
; ../Files/clkdiv.v                ; yes             ; User Verilog HDL File                  ; C:/Users/sjfre/Documents/Quartus Files/Lab 3/Files/clkdiv.v                  ;         ;
; ../Files/ctlmem.v                ; yes             ; User Wizard-Generated File             ; C:/Users/sjfre/Documents/Quartus Files/Lab 3/Files/ctlmem.v                  ;         ;
; altsyncram.tdf                   ; yes             ; Megafunction                           ; c:/intelfpga_lite/18.1/quartus/libraries/megafunctions/altsyncram.tdf        ;         ;
; stratix_ram_block.inc            ; yes             ; Megafunction                           ; c:/intelfpga_lite/18.1/quartus/libraries/megafunctions/stratix_ram_block.inc ;         ;
; lpm_mux.inc                      ; yes             ; Megafunction                           ; c:/intelfpga_lite/18.1/quartus/libraries/megafunctions/lpm_mux.inc           ;         ;
; lpm_decode.inc                   ; yes             ; Megafunction                           ; c:/intelfpga_lite/18.1/quartus/libraries/megafunctions/lpm_decode.inc        ;         ;
; aglobal181.inc                   ; yes             ; Megafunction                           ; c:/intelfpga_lite/18.1/quartus/libraries/megafunctions/aglobal181.inc        ;         ;
; a_rdenreg.inc                    ; yes             ; Megafunction                           ; c:/intelfpga_lite/18.1/quartus/libraries/megafunctions/a_rdenreg.inc         ;         ;
; altrom.inc                       ; yes             ; Megafunction                           ; c:/intelfpga_lite/18.1/quartus/libraries/megafunctions/altrom.inc            ;         ;
; altram.inc                       ; yes             ; Megafunction                           ; c:/intelfpga_lite/18.1/quartus/libraries/megafunctions/altram.inc            ;         ;
; altdpram.inc                     ; yes             ; Megafunction                           ; c:/intelfpga_lite/18.1/quartus/libraries/megafunctions/altdpram.inc          ;         ;
; db/altsyncram_25b1.tdf           ; yes             ; Auto-Generated Megafunction            ; C:/Users/sjfre/Documents/Quartus Files/Lab 3/System/db/altsyncram_25b1.tdf   ;         ;
; ../Files/ctlmem.mif              ; yes             ; Auto-Found Memory Initialization File  ; C:/Users/sjfre/Documents/Quartus Files/Lab 3/Files/ctlmem.mif                ;         ;
+----------------------------------+-----------------+----------------------------------------+------------------------------------------------------------------------------+---------+


+----------------------------------------------------------------------+
; Analysis & Synthesis Resource Usage Summary                          ;
+---------------------------------------------+------------------------+
; Resource                                    ; Usage                  ;
+---------------------------------------------+------------------------+
; Estimated Total logic elements              ; 115                    ;
;                                             ;                        ;
; Total combinational functions               ; 115                    ;
; Logic element usage by number of LUT inputs ;                        ;
;     -- 4 input functions                    ; 28                     ;
;     -- 3 input functions                    ; 25                     ;
;     -- <=2 input functions                  ; 62                     ;
;                                             ;                        ;
; Logic elements by mode                      ;                        ;
;     -- normal mode                          ; 59                     ;
;     -- arithmetic mode                      ; 56                     ;
;                                             ;                        ;
; Total registers                             ; 65                     ;
;     -- Dedicated logic registers            ; 65                     ;
;     -- I/O registers                        ; 0                      ;
;                                             ;                        ;
; I/O pins                                    ; 71                     ;
; Total memory bits                           ; 16                     ;
;                                             ;                        ;
; Embedded Multiplier 9-bit elements          ; 0                      ;
;                                             ;                        ;
; Maximum fan-out node                        ; slowclk:D1|LessThan0~3 ;
; Maximum fan-out                             ; 34                     ;
; Total fan-out                               ; 607                    ;
; Average fan-out                             ; 1.86                   ;
+---------------------------------------------+------------------------+


+------------------------------------------------------------------------------------------------------------------------------------------------------------------------------------------------------------------------------------------------------------------------------------------------------------------+
; Analysis & Synthesis Resource Utilization by Entity                                                                                                                                                                                                                                                              ;
+-------------------------------------------+---------------------+---------------------------+-------------+------------+--------------+---------+-----------+------+--------------+------------+--------------------------------------------------------------------------------+-----------------+--------------+
; Compilation Hierarchy Node                ; Combinational ALUTs ; Dedicated Logic Registers ; Memory Bits ; UFM Blocks ; DSP Elements ; DSP 9x9 ; DSP 18x18 ; Pins ; Virtual Pins ; ADC blocks ; Full Hierarchy Name                                                            ; Entity Name     ; Library Name ;
+-------------------------------------------+---------------------+---------------------------+-------------+------------+--------------+---------+-----------+------+--------------+------------+--------------------------------------------------------------------------------+-----------------+--------------+
; |lab3                                     ; 115 (4)             ; 65 (0)                    ; 16          ; 0          ; 0            ; 0       ; 0         ; 71   ; 0            ; 0          ; |lab3                                                                          ; lab3            ; work         ;
;    |counter:C1|                           ; 2 (2)               ; 2 (2)                     ; 0           ; 0          ; 0            ; 0       ; 0         ; 0    ; 0            ; 0          ; |lab3|counter:C1                                                               ; counter         ; work         ;
;    |ctlmem:S1|                            ; 0 (0)               ; 0 (0)                     ; 16          ; 0          ; 0            ; 0       ; 0         ; 0    ; 0            ; 0          ; |lab3|ctlmem:S1                                                                ; ctlmem          ; work         ;
;       |altsyncram:altsyncram_component|   ; 0 (0)               ; 0 (0)                     ; 16          ; 0          ; 0            ; 0       ; 0         ; 0    ; 0            ; 0          ; |lab3|ctlmem:S1|altsyncram:altsyncram_component                                ; altsyncram      ; work         ;
;          |altsyncram_25b1:auto_generated| ; 0 (0)               ; 0 (0)                     ; 16          ; 0          ; 0            ; 0       ; 0         ; 0    ; 0            ; 0          ; |lab3|ctlmem:S1|altsyncram:altsyncram_component|altsyncram_25b1:auto_generated ; altsyncram_25b1 ; work         ;
;    |mach:M1|                              ; 59 (0)              ; 29 (0)                    ; 0           ; 0          ; 0            ; 0       ; 0         ; 0    ; 0            ; 0          ; |lab3|mach:M1                                                                  ; mach            ; work         ;
;       |clkdiv:D1|                         ; 41 (41)             ; 26 (26)                   ; 0           ; 0          ; 0            ; 0       ; 0         ; 0    ; 0            ; 0          ; |lab3|mach:M1|clkdiv:D1                                                        ; clkdiv          ; work         ;
;       |csl:C1|                            ; 0 (0)               ; 3 (3)                     ; 0           ; 0          ; 0            ; 0       ; 0         ; 0    ; 0            ; 0          ; |lab3|mach:M1|csl:C1                                                           ; csl             ; work         ;
;       |nsl:N1|                            ; 6 (6)               ; 0 (0)                     ; 0           ; 0          ; 0            ; 0       ; 0         ; 0    ; 0            ; 0          ; |lab3|mach:M1|nsl:N1                                                           ; nsl             ; work         ;
;       |ol:O1|                             ; 5 (5)               ; 0 (0)                     ; 0           ; 0          ; 0            ; 0       ; 0         ; 0    ; 0            ; 0          ; |lab3|mach:M1|ol:O1                                                            ; ol              ; work         ;
;       |sevenseg:S0|                       ; 7 (7)               ; 0 (0)                     ; 0           ; 0          ; 0            ; 0       ; 0         ; 0    ; 0            ; 0          ; |lab3|mach:M1|sevenseg:S0                                                      ; sevenseg        ; work         ;
;    |slowclk:D1|                           ; 50 (50)             ; 34 (34)                   ; 0           ; 0          ; 0            ; 0       ; 0         ; 0    ; 0            ; 0          ; |lab3|slowclk:D1                                                               ; slowclk         ; work         ;
+-------------------------------------------+---------------------+---------------------------+-------------+------------+--------------+---------+-----------+------+--------------+------------+--------------------------------------------------------------------------------+-----------------+--------------+
Note: For table entries with two numbers listed, the numbers in parentheses indicate the number of resources of the given type used by the specific entity alone. The numbers listed outside of parentheses indicate the total resources of the given type used by the specific entity and all of its sub-entities in the hierarchy.


+--------------------------------------------------------------------------------------------------------------------------------------------------------------------------------------------+
; Analysis & Synthesis RAM Summary                                                                                                                                                           ;
+-------------------------------------------------------------------------------------+------+------+--------------+--------------+--------------+--------------+------+---------------------+
; Name                                                                                ; Type ; Mode ; Port A Depth ; Port A Width ; Port B Depth ; Port B Width ; Size ; MIF                 ;
+-------------------------------------------------------------------------------------+------+------+--------------+--------------+--------------+--------------+------+---------------------+
; ctlmem:S1|altsyncram:altsyncram_component|altsyncram_25b1:auto_generated|ALTSYNCRAM ; M9K  ; ROM  ; 256          ; 8            ; --           ; --           ; 2048 ; ../Files/ctlmem.mif ;
+-------------------------------------------------------------------------------------+------+------+--------------+--------------+--------------+--------------+------+---------------------+


+-----------------------------------------------------------------------------------------------------+
; Analysis & Synthesis IP Cores Summary                                                               ;
+--------+--------------+---------+--------------+--------------+-----------------+-------------------+
; Vendor ; IP Core Name ; Version ; Release Date ; License Type ; Entity Instance ; IP Include File   ;
+--------+--------------+---------+--------------+--------------+-----------------+-------------------+
; Altera ; ROM: 1-PORT  ; 18.1    ; N/A          ; N/A          ; |lab3|ctlmem:S1 ; ../Files/ctlmem.v ;
+--------+--------------+---------+--------------+--------------+-----------------+-------------------+


+------------------------------------------------------------+
; Registers Removed During Synthesis                         ;
+---------------------------------------+--------------------+
; Register name                         ; Reason for Removal ;
+---------------------------------------+--------------------+
; counter:C1|count[2,3]                 ; Lost fanout        ;
; Total Number of Removed Registers = 2 ;                    ;
+---------------------------------------+--------------------+


+-----------------------------------------------------------------------------------+
; Removed Registers Triggering Further Register Optimizations                       ;
+---------------------+--------------------+----------------------------------------+
; Register name       ; Reason for Removal ; Registers Removed due to This Register ;
+---------------------+--------------------+----------------------------------------+
; counter:C1|count[2] ; Lost Fanouts       ; counter:C1|count[3]                    ;
+---------------------+--------------------+----------------------------------------+


+------------------------------------------------------+
; General Register Statistics                          ;
+----------------------------------------------+-------+
; Statistic                                    ; Value ;
+----------------------------------------------+-------+
; Total registers                              ; 65    ;
; Number of registers using Synchronous Clear  ; 58    ;
; Number of registers using Synchronous Load   ; 0     ;
; Number of registers using Asynchronous Clear ; 3     ;
; Number of registers using Asynchronous Load  ; 0     ;
; Number of registers using Clock Enable       ; 0     ;
; Number of registers using Preset             ; 0     ;
+----------------------------------------------+-------+


+-------------------------------------------------------------------------------------------------+
; Source assignments for ctlmem:S1|altsyncram:altsyncram_component|altsyncram_25b1:auto_generated ;
+---------------------------------+--------------------+------+-----------------------------------+
; Assignment                      ; Value              ; From ; To                                ;
+---------------------------------+--------------------+------+-----------------------------------+
; OPTIMIZE_POWER_DURING_SYNTHESIS ; NORMAL_COMPILATION ; -    ; -                                 ;
+---------------------------------+--------------------+------+-----------------------------------+


+----------------------------------------------------------------------+
; Parameter Settings for User Entity Instance: Top-level Entity: |lab3 ;
+----------------+-------+---------------------------------------------+
; Parameter Name ; Value ; Type                                        ;
+----------------+-------+---------------------------------------------+
; Idle           ; 000   ; Unsigned Binary                             ;
; Hazard         ; 001   ; Unsigned Binary                             ;
; Left1          ; 010   ; Unsigned Binary                             ;
; Left2          ; 011   ; Unsigned Binary                             ;
; Left3          ; 100   ; Unsigned Binary                             ;
; Right1         ; 101   ; Unsigned Binary                             ;
; Right2         ; 110   ; Unsigned Binary                             ;
; Right3         ; 111   ; Unsigned Binary                             ;
+----------------+-------+---------------------------------------------+
Note: In order to hide this table in the UI and the text report file, please set the "Show Parameter Settings in Synthesis Report" option in "Analysis and Synthesis Settings -> More Settings" to "Off".


+----------------------------------------------------------------------------------------+
; Parameter Settings for User Entity Instance: ctlmem:S1|altsyncram:altsyncram_component ;
+------------------------------------+----------------------+----------------------------+
; Parameter Name                     ; Value                ; Type                       ;
+------------------------------------+----------------------+----------------------------+
; BYTE_SIZE_BLOCK                    ; 8                    ; Untyped                    ;
; AUTO_CARRY_CHAINS                  ; ON                   ; AUTO_CARRY                 ;
; IGNORE_CARRY_BUFFERS               ; OFF                  ; IGNORE_CARRY               ;
; AUTO_CASCADE_CHAINS                ; ON                   ; AUTO_CASCADE               ;
; IGNORE_CASCADE_BUFFERS             ; OFF                  ; IGNORE_CASCADE             ;
; WIDTH_BYTEENA                      ; 1                    ; Untyped                    ;
; OPERATION_MODE                     ; ROM                  ; Untyped                    ;
; WIDTH_A                            ; 8                    ; Signed Integer             ;
; WIDTHAD_A                          ; 8                    ; Signed Integer             ;
; NUMWORDS_A                         ; 256                  ; Signed Integer             ;
; OUTDATA_REG_A                      ; CLOCK0               ; Untyped                    ;
; ADDRESS_ACLR_A                     ; NONE                 ; Untyped                    ;
; OUTDATA_ACLR_A                     ; NONE                 ; Untyped                    ;
; WRCONTROL_ACLR_A                   ; NONE                 ; Untyped                    ;
; INDATA_ACLR_A                      ; NONE                 ; Untyped                    ;
; BYTEENA_ACLR_A                     ; NONE                 ; Untyped                    ;
; WIDTH_B                            ; 1                    ; Untyped                    ;
; WIDTHAD_B                          ; 1                    ; Untyped                    ;
; NUMWORDS_B                         ; 1                    ; Untyped                    ;
; INDATA_REG_B                       ; CLOCK1               ; Untyped                    ;
; WRCONTROL_WRADDRESS_REG_B          ; CLOCK1               ; Untyped                    ;
; RDCONTROL_REG_B                    ; CLOCK1               ; Untyped                    ;
; ADDRESS_REG_B                      ; CLOCK1               ; Untyped                    ;
; OUTDATA_REG_B                      ; UNREGISTERED         ; Untyped                    ;
; BYTEENA_REG_B                      ; CLOCK1               ; Untyped                    ;
; INDATA_ACLR_B                      ; NONE                 ; Untyped                    ;
; WRCONTROL_ACLR_B                   ; NONE                 ; Untyped                    ;
; ADDRESS_ACLR_B                     ; NONE                 ; Untyped                    ;
; OUTDATA_ACLR_B                     ; NONE                 ; Untyped                    ;
; RDCONTROL_ACLR_B                   ; NONE                 ; Untyped                    ;
; BYTEENA_ACLR_B                     ; NONE                 ; Untyped                    ;
; WIDTH_BYTEENA_A                    ; 1                    ; Signed Integer             ;
; WIDTH_BYTEENA_B                    ; 1                    ; Untyped                    ;
; RAM_BLOCK_TYPE                     ; M9K                  ; Untyped                    ;
; BYTE_SIZE                          ; 8                    ; Untyped                    ;
; READ_DURING_WRITE_MODE_MIXED_PORTS ; DONT_CARE            ; Untyped                    ;
; READ_DURING_WRITE_MODE_PORT_A      ; NEW_DATA_NO_NBE_READ ; Untyped                    ;
; READ_DURING_WRITE_MODE_PORT_B      ; NEW_DATA_NO_NBE_READ ; Untyped                    ;
; INIT_FILE                          ; ../Files/ctlmem.mif  ; Untyped                    ;
; INIT_FILE_LAYOUT                   ; PORT_A               ; Untyped                    ;
; MAXIMUM_DEPTH                      ; 0                    ; Untyped                    ;
; CLOCK_ENABLE_INPUT_A               ; BYPASS               ; Untyped                    ;
; CLOCK_ENABLE_INPUT_B               ; NORMAL               ; Untyped                    ;
; CLOCK_ENABLE_OUTPUT_A              ; BYPASS               ; Untyped                    ;
; CLOCK_ENABLE_OUTPUT_B              ; NORMAL               ; Untyped                    ;
; CLOCK_ENABLE_CORE_A                ; USE_INPUT_CLKEN      ; Untyped                    ;
; CLOCK_ENABLE_CORE_B                ; USE_INPUT_CLKEN      ; Untyped                    ;
; ENABLE_ECC                         ; FALSE                ; Untyped                    ;
; ECC_PIPELINE_STAGE_ENABLED         ; FALSE                ; Untyped                    ;
; WIDTH_ECCSTATUS                    ; 3                    ; Untyped                    ;
; DEVICE_FAMILY                      ; MAX 10               ; Untyped                    ;
; CBXI_PARAMETER                     ; altsyncram_25b1      ; Untyped                    ;
+------------------------------------+----------------------+----------------------------+
Note: In order to hide this table in the UI and the text report file, please set the "Show Parameter Settings in Synthesis Report" option in "Analysis and Synthesis Settings -> More Settings" to "Off".


+---------------------------------------------------------------------------------------+
; altsyncram Parameter Settings by Entity Instance                                      ;
+-------------------------------------------+-------------------------------------------+
; Name                                      ; Value                                     ;
+-------------------------------------------+-------------------------------------------+
; Number of entity instances                ; 1                                         ;
; Entity Instance                           ; ctlmem:S1|altsyncram:altsyncram_component ;
;     -- OPERATION_MODE                     ; ROM                                       ;
;     -- WIDTH_A                            ; 8                                         ;
;     -- NUMWORDS_A                         ; 256                                       ;
;     -- OUTDATA_REG_A                      ; CLOCK0                                    ;
;     -- WIDTH_B                            ; 1                                         ;
;     -- NUMWORDS_B                         ; 1                                         ;
;     -- ADDRESS_REG_B                      ; CLOCK1                                    ;
;     -- OUTDATA_REG_B                      ; UNREGISTERED                              ;
;     -- RAM_BLOCK_TYPE                     ; M9K                                       ;
;     -- READ_DURING_WRITE_MODE_MIXED_PORTS ; DONT_CARE                                 ;
+-------------------------------------------+-------------------------------------------+


+---------------------------------------------------------------------------------------------------------------------------------------------------------------------------+
; Port Connectivity Checks: "mach:M1|sevenseg:S0"                                                                                                                           ;
+---------+-------+----------+----------------------------------------------------------------------------------------------------------------------------------------------+
; Port    ; Type  ; Severity ; Details                                                                                                                                      ;
+---------+-------+----------+----------------------------------------------------------------------------------------------------------------------------------------------+
; data[3] ; Input ; Info     ; Stuck at GND                                                                                                                                 ;
; blank   ; Input ; Warning  ; Declared by entity but not connected by instance. If a default value exists, it will be used.  Otherwise, the port will be connected to GND. ;
; minus   ; Input ; Warning  ; Declared by entity but not connected by instance. If a default value exists, it will be used.  Otherwise, the port will be connected to GND. ;
+---------+-------+----------+----------------------------------------------------------------------------------------------------------------------------------------------+


+-------------------------------------------------------------------------------------------------------------------------------------------------------------------------+
; Port Connectivity Checks: "mach:M1|sevenseg:S1"                                                                                                                         ;
+-------+-------+----------+----------------------------------------------------------------------------------------------------------------------------------------------+
; Port  ; Type  ; Severity ; Details                                                                                                                                      ;
+-------+-------+----------+----------------------------------------------------------------------------------------------------------------------------------------------+
; blank ; Input ; Info     ; Stuck at VCC                                                                                                                                 ;
; data  ; Input ; Warning  ; Declared by entity but not connected by instance. If a default value exists, it will be used.  Otherwise, the port will be connected to GND. ;
; minus ; Input ; Warning  ; Declared by entity but not connected by instance. If a default value exists, it will be used.  Otherwise, the port will be connected to GND. ;
+-------+-------+----------+----------------------------------------------------------------------------------------------------------------------------------------------+


+------------------------------------------------------------------------------------------------------------------------------------------------------------------------------+
; Port Connectivity Checks: "mach:M1|sevenseg:S2"                                                                                                                              ;
+------------+-------+----------+----------------------------------------------------------------------------------------------------------------------------------------------+
; Port       ; Type  ; Severity ; Details                                                                                                                                      ;
+------------+-------+----------+----------------------------------------------------------------------------------------------------------------------------------------------+
; data[3..1] ; Input ; Info     ; Stuck at GND                                                                                                                                 ;
; blank      ; Input ; Warning  ; Declared by entity but not connected by instance. If a default value exists, it will be used.  Otherwise, the port will be connected to GND. ;
; minus      ; Input ; Warning  ; Declared by entity but not connected by instance. If a default value exists, it will be used.  Otherwise, the port will be connected to GND. ;
+------------+-------+----------+----------------------------------------------------------------------------------------------------------------------------------------------+


+-------------------------------------------------------------------------------------------------------------------------------------------------------------------------+
; Port Connectivity Checks: "mach:M1|sevenseg:S3"                                                                                                                         ;
+-------+-------+----------+----------------------------------------------------------------------------------------------------------------------------------------------+
; Port  ; Type  ; Severity ; Details                                                                                                                                      ;
+-------+-------+----------+----------------------------------------------------------------------------------------------------------------------------------------------+
; blank ; Input ; Info     ; Stuck at VCC                                                                                                                                 ;
; data  ; Input ; Warning  ; Declared by entity but not connected by instance. If a default value exists, it will be used.  Otherwise, the port will be connected to GND. ;
; minus ; Input ; Warning  ; Declared by entity but not connected by instance. If a default value exists, it will be used.  Otherwise, the port will be connected to GND. ;
+-------+-------+----------+----------------------------------------------------------------------------------------------------------------------------------------------+


+------------------------------------------------------------------------------------------------------------------------------------------------------------------------------+
; Port Connectivity Checks: "mach:M1|sevenseg:S4"                                                                                                                              ;
+------------+-------+----------+----------------------------------------------------------------------------------------------------------------------------------------------+
; Port       ; Type  ; Severity ; Details                                                                                                                                      ;
+------------+-------+----------+----------------------------------------------------------------------------------------------------------------------------------------------+
; data[3..1] ; Input ; Info     ; Stuck at GND                                                                                                                                 ;
; blank      ; Input ; Warning  ; Declared by entity but not connected by instance. If a default value exists, it will be used.  Otherwise, the port will be connected to GND. ;
; minus      ; Input ; Warning  ; Declared by entity but not connected by instance. If a default value exists, it will be used.  Otherwise, the port will be connected to GND. ;
+------------+-------+----------+----------------------------------------------------------------------------------------------------------------------------------------------+


+-------------------------------------------------------------------------------------------------------------------------------------------------------------------------+
; Port Connectivity Checks: "mach:M1|sevenseg:S5"                                                                                                                         ;
+-------+-------+----------+----------------------------------------------------------------------------------------------------------------------------------------------+
; Port  ; Type  ; Severity ; Details                                                                                                                                      ;
+-------+-------+----------+----------------------------------------------------------------------------------------------------------------------------------------------+
; blank ; Input ; Info     ; Stuck at VCC                                                                                                                                 ;
; data  ; Input ; Warning  ; Declared by entity but not connected by instance. If a default value exists, it will be used.  Otherwise, the port will be connected to GND. ;
; minus ; Input ; Warning  ; Declared by entity but not connected by instance. If a default value exists, it will be used.  Otherwise, the port will be connected to GND. ;
+-------+-------+----------+----------------------------------------------------------------------------------------------------------------------------------------------+


+--------------------------------------------+
; Port Connectivity Checks: "mach:M1"        ;
+----------+-------+----------+--------------+
; Port     ; Type  ; Severity ; Details      ;
+----------+-------+----------+--------------+
; SW[8..2] ; Input ; Info     ; Stuck at GND ;
+----------+-------+----------+--------------+


+-------------------------------------------------------------------------------------------------------------------------------------------------------------------------------+
; Port Connectivity Checks: "ctlmem:S1"                                                                                                                                         ;
+---------+--------+----------+-------------------------------------------------------------------------------------------------------------------------------------------------+
; Port    ; Type   ; Severity ; Details                                                                                                                                         ;
+---------+--------+----------+-------------------------------------------------------------------------------------------------------------------------------------------------+
; address ; Input  ; Warning  ; Input port expression (2 bits) is smaller than the input port (8 bits) it drives.  Extra input bit(s) "address[7..2]" will be connected to GND. ;
; q[7..4] ; Output ; Info     ; Connected to dangling logic. Logic that only feeds a dangling port will be removed.                                                             ;
+---------+--------+----------+-------------------------------------------------------------------------------------------------------------------------------------------------+


+------------------------------------------------------------------------------------------------------------------------------------------------------+
; Port Connectivity Checks: "counter:C1"                                                                                                               ;
+-------+--------+----------+--------------------------------------------------------------------------------------------------------------------------+
; Port  ; Type   ; Severity ; Details                                                                                                                  ;
+-------+--------+----------+--------------------------------------------------------------------------------------------------------------------------+
; count ; Output ; Warning  ; Output or bidir port (4 bits) is wider than the port expression (2 bits) it drives; bit(s) "count[3..2]" have no fanouts ;
+-------+--------+----------+--------------------------------------------------------------------------------------------------------------------------+


+-----------------------------------------------------+
; Post-Synthesis Netlist Statistics for Top Partition ;
+-----------------------+-----------------------------+
; Type                  ; Count                       ;
+-----------------------+-----------------------------+
; boundary_port         ; 71                          ;
; cycloneiii_ff         ; 65                          ;
;     CLR               ; 3                           ;
;     SCLR              ; 58                          ;
;     plain             ; 4                           ;
; cycloneiii_lcell_comb ; 118                         ;
;     arith             ; 56                          ;
;         2 data inputs ; 56                          ;
;     normal            ; 62                          ;
;         0 data inputs ; 2                           ;
;         1 data inputs ; 4                           ;
;         2 data inputs ; 3                           ;
;         3 data inputs ; 25                          ;
;         4 data inputs ; 28                          ;
; cycloneiii_ram_block  ; 4                           ;
;                       ;                             ;
; Max LUT depth         ; 5.00                        ;
; Average LUT depth     ; 3.20                        ;
+-----------------------+-----------------------------+


+-------------------------------+
; Elapsed Time Per Partition    ;
+----------------+--------------+
; Partition Name ; Elapsed Time ;
+----------------+--------------+
; Top            ; 00:00:00     ;
+----------------+--------------+


+-------------------------------+
; Analysis & Synthesis Messages ;
+-------------------------------+
Info: *******************************************************************
Info: Running Quartus Prime Analysis & Synthesis
    Info: Version 18.1.0 Build 625 09/12/2018 SJ Lite Edition
    Info: Processing started: Tue Dec 10 21:09:15 2019
Info: Command: quartus_map --read_settings_files=on --write_settings_files=off lab3 -c lab3
Warning (18236): Number of processors has not been specified which may cause overloading on shared machines.  Set the global assignment NUM_PARALLEL_PROCESSORS in your QSF to an appropriate value for best performance.
Info (20030): Parallel compilation is enabled and will use 2 of the 2 processors detected
Info (12021): Found 1 design units, including 1 entities, in source file /users/sjfre/documents/quartus files/lab 3/files/slowclk.v
    Info (12023): Found entity 1: slowclk File: C:/Users/sjfre/Documents/Quartus Files/Lab 3/Files/slowclk.v Line: 1
Info (12021): Found 1 design units, including 1 entities, in source file /users/sjfre/documents/quartus files/lab 3/files/mach.v
    Info (12023): Found entity 1: mach File: C:/Users/sjfre/Documents/Quartus Files/Lab 3/Files/mach.v Line: 1
Info (12021): Found 1 design units, including 1 entities, in source file /users/sjfre/documents/quartus files/lab 3/files/counter.v
    Info (12023): Found entity 1: counter File: C:/Users/sjfre/Documents/Quartus Files/Lab 3/Files/counter.v Line: 1
Info (12021): Found 1 design units, including 1 entities, in source file /users/sjfre/documents/quartus files/lab 3/files/sevenseg.v
    Info (12023): Found entity 1: sevenseg File: C:/Users/sjfre/Documents/Quartus Files/Lab 3/Files/sevenseg.v Line: 1
Info (12021): Found 1 design units, including 1 entities, in source file /users/sjfre/documents/quartus files/lab 3/files/ol.v
    Info (12023): Found entity 1: ol File: C:/Users/sjfre/Documents/Quartus Files/Lab 3/Files/ol.v Line: 1
Info (12021): Found 1 design units, including 1 entities, in source file /users/sjfre/documents/quartus files/lab 3/files/nsl.v
    Info (12023): Found entity 1: nsl File: C:/Users/sjfre/Documents/Quartus Files/Lab 3/Files/nsl.v Line: 1
Info (12021): Found 1 design units, including 1 entities, in source file /users/sjfre/documents/quartus files/lab 3/files/csl.v
    Info (12023): Found entity 1: csl File: C:/Users/sjfre/Documents/Quartus Files/Lab 3/Files/csl.v Line: 1
Info (12021): Found 1 design units, including 1 entities, in source file /users/sjfre/documents/quartus files/lab 3/files/toggle.v
    Info (12023): Found entity 1: toggle File: C:/Users/sjfre/Documents/Quartus Files/Lab 3/Files/toggle.v Line: 1
Info (12021): Found 1 design units, including 1 entities, in source file /users/sjfre/documents/quartus files/lab 3/files/lab3.v
    Info (12023): Found entity 1: lab3 File: C:/Users/sjfre/Documents/Quartus Files/Lab 3/Files/lab3.v Line: 1
Info (12021): Found 1 design units, including 1 entities, in source file /users/sjfre/documents/quartus files/lab 3/files/clkdiv.v
    Info (12023): Found entity 1: clkdiv File: C:/Users/sjfre/Documents/Quartus Files/Lab 3/Files/clkdiv.v Line: 1
Info (12021): Found 1 design units, including 1 entities, in source file /users/sjfre/documents/quartus files/lab 3/files/ctlmem.v
    Info (12023): Found entity 1: ctlmem File: C:/Users/sjfre/Documents/Quartus Files/Lab 3/Files/ctlmem.v Line: 39
Info (12127): Elaborating entity "lab3" for the top level hierarchy
Info (12128): Elaborating entity "slowclk" for hierarchy "slowclk:D1" File: C:/Users/sjfre/Documents/Quartus Files/Lab 3/Files/lab3.v Line: 26
Warning (10230): Verilog HDL assignment warning at slowclk.v(11): truncated value with size 32 to match size of target (1) File: C:/Users/sjfre/Documents/Quartus Files/Lab 3/Files/slowclk.v Line: 11
Info (12128): Elaborating entity "counter" for hierarchy "counter:C1" File: C:/Users/sjfre/Documents/Quartus Files/Lab 3/Files/lab3.v Line: 31
Warning (10230): Verilog HDL assignment warning at counter.v(9): truncated value with size 32 to match size of target (4) File: C:/Users/sjfre/Documents/Quartus Files/Lab 3/Files/counter.v Line: 9
Info (12128): Elaborating entity "ctlmem" for hierarchy "ctlmem:S1" File: C:/Users/sjfre/Documents/Quartus Files/Lab 3/Files/lab3.v Line: 37
Info (12128): Elaborating entity "altsyncram" for hierarchy "ctlmem:S1|altsyncram:altsyncram_component" File: C:/Users/sjfre/Documents/Quartus Files/Lab 3/Files/ctlmem.v Line: 81
Info (12130): Elaborated megafunction instantiation "ctlmem:S1|altsyncram:altsyncram_component" File: C:/Users/sjfre/Documents/Quartus Files/Lab 3/Files/ctlmem.v Line: 81
Info (12133): Instantiated megafunction "ctlmem:S1|altsyncram:altsyncram_component" with the following parameter: File: C:/Users/sjfre/Documents/Quartus Files/Lab 3/Files/ctlmem.v Line: 81
    Info (12134): Parameter "address_aclr_a" = "NONE"
    Info (12134): Parameter "clock_enable_input_a" = "BYPASS"
    Info (12134): Parameter "clock_enable_output_a" = "BYPASS"
    Info (12134): Parameter "init_file" = "../Files/ctlmem.mif"
    Info (12134): Parameter "intended_device_family" = "MAX 10"
    Info (12134): Parameter "lpm_hint" = "ENABLE_RUNTIME_MOD=NO"
    Info (12134): Parameter "lpm_type" = "altsyncram"
    Info (12134): Parameter "numwords_a" = "256"
    Info (12134): Parameter "operation_mode" = "ROM"
    Info (12134): Parameter "outdata_aclr_a" = "NONE"
    Info (12134): Parameter "outdata_reg_a" = "CLOCK0"
    Info (12134): Parameter "ram_block_type" = "M9K"
    Info (12134): Parameter "widthad_a" = "8"
    Info (12134): Parameter "width_a" = "8"
    Info (12134): Parameter "width_byteena_a" = "1"
Info (12021): Found 1 design units, including 1 entities, in source file db/altsyncram_25b1.tdf
    Info (12023): Found entity 1: altsyncram_25b1 File: C:/Users/sjfre/Documents/Quartus Files/Lab 3/System/db/altsyncram_25b1.tdf Line: 27
Info (12128): Elaborating entity "altsyncram_25b1" for hierarchy "ctlmem:S1|altsyncram:altsyncram_component|altsyncram_25b1:auto_generated" File: c:/intelfpga_lite/18.1/quartus/libraries/megafunctions/altsyncram.tdf Line: 791
Warning (113028): 252 out of 256 addresses are uninitialized. The Quartus Prime software will initialize them to "0". There are 1 warnings found, and 1 warnings are reported. File: C:/Users/sjfre/Documents/Quartus Files/Lab 3/Files/ctlmem.mif Line: 1
    Warning (113027): Addresses ranging from 4 to 255 are not initialized File: C:/Users/sjfre/Documents/Quartus Files/Lab 3/Files/ctlmem.mif Line: 1
Info (12128): Elaborating entity "mach" for hierarchy "mach:M1" File: C:/Users/sjfre/Documents/Quartus Files/Lab 3/Files/lab3.v Line: 46
Info (12128): Elaborating entity "clkdiv" for hierarchy "mach:M1|clkdiv:D1" File: C:/Users/sjfre/Documents/Quartus Files/Lab 3/Files/mach.v Line: 42
Warning (10230): Verilog HDL assignment warning at clkdiv.v(13): truncated value with size 32 to match size of target (25) File: C:/Users/sjfre/Documents/Quartus Files/Lab 3/Files/clkdiv.v Line: 13
Info (12128): Elaborating entity "csl" for hierarchy "mach:M1|csl:C1" File: C:/Users/sjfre/Documents/Quartus Files/Lab 3/Files/mach.v Line: 48
Info (12128): Elaborating entity "nsl" for hierarchy "mach:M1|nsl:N1" File: C:/Users/sjfre/Documents/Quartus Files/Lab 3/Files/mach.v Line: 52
Info (12128): Elaborating entity "ol" for hierarchy "mach:M1|ol:O1" File: C:/Users/sjfre/Documents/Quartus Files/Lab 3/Files/mach.v Line: 58
Info (12128): Elaborating entity "sevenseg" for hierarchy "mach:M1|sevenseg:S5" File: C:/Users/sjfre/Documents/Quartus Files/Lab 3/Files/mach.v Line: 63
Warning (14284): Synthesized away the following node(s):
    Warning (14285): Synthesized away the following RAM node(s):
        Warning (14320): Synthesized away node "ctlmem:S1|altsyncram:altsyncram_component|altsyncram_25b1:auto_generated|q_a[4]" File: C:/Users/sjfre/Documents/Quartus Files/Lab 3/System/db/altsyncram_25b1.tdf Line: 122
        Warning (14320): Synthesized away node "ctlmem:S1|altsyncram:altsyncram_component|altsyncram_25b1:auto_generated|q_a[5]" File: C:/Users/sjfre/Documents/Quartus Files/Lab 3/System/db/altsyncram_25b1.tdf Line: 144
        Warning (14320): Synthesized away node "ctlmem:S1|altsyncram:altsyncram_component|altsyncram_25b1:auto_generated|q_a[6]" File: C:/Users/sjfre/Documents/Quartus Files/Lab 3/System/db/altsyncram_25b1.tdf Line: 166
        Warning (14320): Synthesized away node "ctlmem:S1|altsyncram:altsyncram_component|altsyncram_25b1:auto_generated|q_a[7]" File: C:/Users/sjfre/Documents/Quartus Files/Lab 3/System/db/altsyncram_25b1.tdf Line: 188
Warning (12241): 8 hierarchies have connectivity warnings - see the Connectivity Checks report folder
Warning (13024): Output pins are stuck at VCC or GND
    Warning (13410): Pin "HEX5[0]" is stuck at VCC File: C:/Users/sjfre/Documents/Quartus Files/Lab 3/Files/lab3.v Line: 5
    Warning (13410): Pin "HEX5[1]" is stuck at VCC File: C:/Users/sjfre/Documents/Quartus Files/Lab 3/Files/lab3.v Line: 5
    Warning (13410): Pin "HEX5[2]" is stuck at VCC File: C:/Users/sjfre/Documents/Quartus Files/Lab 3/Files/lab3.v Line: 5
    Warning (13410): Pin "HEX5[3]" is stuck at VCC File: C:/Users/sjfre/Documents/Quartus Files/Lab 3/Files/lab3.v Line: 5
    Warning (13410): Pin "HEX5[4]" is stuck at VCC File: C:/Users/sjfre/Documents/Quartus Files/Lab 3/Files/lab3.v Line: 5
    Warning (13410): Pin "HEX5[5]" is stuck at VCC File: C:/Users/sjfre/Documents/Quartus Files/Lab 3/Files/lab3.v Line: 5
    Warning (13410): Pin "HEX5[6]" is stuck at VCC File: C:/Users/sjfre/Documents/Quartus Files/Lab 3/Files/lab3.v Line: 5
    Warning (13410): Pin "HEX5[7]" is stuck at VCC File: C:/Users/sjfre/Documents/Quartus Files/Lab 3/Files/lab3.v Line: 5
    Warning (13410): Pin "HEX4[1]" is stuck at GND File: C:/Users/sjfre/Documents/Quartus Files/Lab 3/Files/lab3.v Line: 6
    Warning (13410): Pin "HEX4[2]" is stuck at GND File: C:/Users/sjfre/Documents/Quartus Files/Lab 3/Files/lab3.v Line: 6
    Warning (13410): Pin "HEX4[6]" is stuck at VCC File: C:/Users/sjfre/Documents/Quartus Files/Lab 3/Files/lab3.v Line: 6
    Warning (13410): Pin "HEX4[7]" is stuck at VCC File: C:/Users/sjfre/Documents/Quartus Files/Lab 3/Files/lab3.v Line: 6
    Warning (13410): Pin "HEX3[0]" is stuck at VCC File: C:/Users/sjfre/Documents/Quartus Files/Lab 3/Files/lab3.v Line: 7
    Warning (13410): Pin "HEX3[1]" is stuck at VCC File: C:/Users/sjfre/Documents/Quartus Files/Lab 3/Files/lab3.v Line: 7
    Warning (13410): Pin "HEX3[2]" is stuck at VCC File: C:/Users/sjfre/Documents/Quartus Files/Lab 3/Files/lab3.v Line: 7
    Warning (13410): Pin "HEX3[3]" is stuck at VCC File: C:/Users/sjfre/Documents/Quartus Files/Lab 3/Files/lab3.v Line: 7
    Warning (13410): Pin "HEX3[4]" is stuck at VCC File: C:/Users/sjfre/Documents/Quartus Files/Lab 3/Files/lab3.v Line: 7
    Warning (13410): Pin "HEX3[5]" is stuck at VCC File: C:/Users/sjfre/Documents/Quartus Files/Lab 3/Files/lab3.v Line: 7
    Warning (13410): Pin "HEX3[6]" is stuck at VCC File: C:/Users/sjfre/Documents/Quartus Files/Lab 3/Files/lab3.v Line: 7
    Warning (13410): Pin "HEX3[7]" is stuck at VCC File: C:/Users/sjfre/Documents/Quartus Files/Lab 3/Files/lab3.v Line: 7
    Warning (13410): Pin "HEX2[1]" is stuck at GND File: C:/Users/sjfre/Documents/Quartus Files/Lab 3/Files/lab3.v Line: 8
    Warning (13410): Pin "HEX2[2]" is stuck at GND File: C:/Users/sjfre/Documents/Quartus Files/Lab 3/Files/lab3.v Line: 8
    Warning (13410): Pin "HEX2[6]" is stuck at VCC File: C:/Users/sjfre/Documents/Quartus Files/Lab 3/Files/lab3.v Line: 8
    Warning (13410): Pin "HEX2[7]" is stuck at VCC File: C:/Users/sjfre/Documents/Quartus Files/Lab 3/Files/lab3.v Line: 8
    Warning (13410): Pin "HEX1[0]" is stuck at VCC File: C:/Users/sjfre/Documents/Quartus Files/Lab 3/Files/lab3.v Line: 9
    Warning (13410): Pin "HEX1[1]" is stuck at VCC File: C:/Users/sjfre/Documents/Quartus Files/Lab 3/Files/lab3.v Line: 9
    Warning (13410): Pin "HEX1[2]" is stuck at VCC File: C:/Users/sjfre/Documents/Quartus Files/Lab 3/Files/lab3.v Line: 9
    Warning (13410): Pin "HEX1[3]" is stuck at VCC File: C:/Users/sjfre/Documents/Quartus Files/Lab 3/Files/lab3.v Line: 9
    Warning (13410): Pin "HEX1[4]" is stuck at VCC File: C:/Users/sjfre/Documents/Quartus Files/Lab 3/Files/lab3.v Line: 9
    Warning (13410): Pin "HEX1[5]" is stuck at VCC File: C:/Users/sjfre/Documents/Quartus Files/Lab 3/Files/lab3.v Line: 9
    Warning (13410): Pin "HEX1[6]" is stuck at VCC File: C:/Users/sjfre/Documents/Quartus Files/Lab 3/Files/lab3.v Line: 9
    Warning (13410): Pin "HEX1[7]" is stuck at VCC File: C:/Users/sjfre/Documents/Quartus Files/Lab 3/Files/lab3.v Line: 9
    Warning (13410): Pin "HEX0[7]" is stuck at VCC File: C:/Users/sjfre/Documents/Quartus Files/Lab 3/Files/lab3.v Line: 10
Info (286030): Timing-Driven Synthesis is running
Info (17049): 2 registers lost all their fanouts during netlist optimizations.
Info (17036): Removed 6 MSB VCC or GND address nodes from RAM block "ctlmem:S1|altsyncram:altsyncram_component|altsyncram_25b1:auto_generated|ALTSYNCRAM" File: C:/Users/sjfre/Documents/Quartus Files/Lab 3/System/db/altsyncram_25b1.tdf Line: 31
Info (144001): Generated suppressed messages file C:/Users/sjfre/Documents/Quartus Files/Lab 3/System/lab3.map.smsg
Info (16010): Generating hard_block partition "hard_block:auto_generated_inst"
    Info (16011): Adding 0 node(s), including 0 DDIO, 0 PLL, 0 transceiver and 0 LCELL
Warning (21074): Design contains 7 input pin(s) that do not drive logic
    Warning (15610): No output dependent on input pin "SW[2]" File: C:/Users/sjfre/Documents/Quartus Files/Lab 3/Files/lab3.v Line: 2
    Warning (15610): No output dependent on input pin "SW[3]" File: C:/Users/sjfre/Documents/Quartus Files/Lab 3/Files/lab3.v Line: 2
    Warning (15610): No output dependent on input pin "SW[4]" File: C:/Users/sjfre/Documents/Quartus Files/Lab 3/Files/lab3.v Line: 2
    Warning (15610): No output dependent on input pin "SW[5]" File: C:/Users/sjfre/Documents/Quartus Files/Lab 3/Files/lab3.v Line: 2
    Warning (15610): No output dependent on input pin "SW[6]" File: C:/Users/sjfre/Documents/Quartus Files/Lab 3/Files/lab3.v Line: 2
    Warning (15610): No output dependent on input pin "SW[7]" File: C:/Users/sjfre/Documents/Quartus Files/Lab 3/Files/lab3.v Line: 2
    Warning (15610): No output dependent on input pin "SW[8]" File: C:/Users/sjfre/Documents/Quartus Files/Lab 3/Files/lab3.v Line: 2
Info (21057): Implemented 190 device resources after synthesis - the final resource count might be different
    Info (21058): Implemented 13 input pins
    Info (21059): Implemented 58 output pins
    Info (21061): Implemented 115 logic cells
    Info (21064): Implemented 4 RAM segments
Info: Quartus Prime Analysis & Synthesis was successful. 0 errors, 55 warnings
    Info: Peak virtual memory: 4755 megabytes
    Info: Processing ended: Tue Dec 10 21:09:29 2019
    Info: Elapsed time: 00:00:14
    Info: Total CPU time (on all processors): 00:00:30


+------------------------------------------+
; Analysis & Synthesis Suppressed Messages ;
+------------------------------------------+
The suppressed messages can be found in C:/Users/sjfre/Documents/Quartus Files/Lab 3/System/lab3.map.smsg.


