------------------------------------------------------------
Timing Analyzer Summary
------------------------------------------------------------

Type  : Slow 1200mV 85C Model Setup 'ADC_CLK_10'
Slack : -4.542
TNS   : -196.714

Type  : Slow 1200mV 85C Model Setup 'mach:M1|clkdiv:D1|clock'
Slack : -2.091
TNS   : -6.021

Type  : Slow 1200mV 85C Model Setup 'slowclk:D1|clock'
Slack : 0.129
TNS   : 0.000

Type  : Slow 1200mV 85C Model Hold 'slowclk:D1|clock'
Slack : 0.347
TNS   : 0.000

Type  : Slow 1200mV 85C Model Hold 'mach:M1|clkdiv:D1|clock'
Slack : 0.363
TNS   : 0.000

Type  : Slow 1200mV 85C Model Hold 'ADC_CLK_10'
Slack : 0.412
TNS   : 0.000

Type  : Slow 1200mV 85C Model Recovery 'mach:M1|clkdiv:D1|clock'
Slack : -1.858
TNS   : -5.574

Type  : Slow 1200mV 85C Model Removal 'mach:M1|clkdiv:D1|clock'
Slack : 2.181
TNS   : 0.000

Type  : Slow 1200mV 85C Model Minimum Pulse Width 'ADC_CLK_10'
Slack : -3.000
TNS   : -99.290

Type  : Slow 1200mV 85C Model Minimum Pulse Width 'mach:M1|clkdiv:D1|clock'
Slack : -1.403
TNS   : -4.209

Type  : Slow 1200mV 85C Model Minimum Pulse Width 'slowclk:D1|clock'
Slack : -1.403
TNS   : -2.806

Type  : Slow 1200mV 0C Model Setup 'ADC_CLK_10'
Slack : -4.154
TNS   : -177.280

Type  : Slow 1200mV 0C Model Setup 'mach:M1|clkdiv:D1|clock'
Slack : -1.851
TNS   : -5.295

Type  : Slow 1200mV 0C Model Setup 'slowclk:D1|clock'
Slack : 0.201
TNS   : 0.000

Type  : Slow 1200mV 0C Model Hold 'slowclk:D1|clock'
Slack : 0.313
TNS   : 0.000

Type  : Slow 1200mV 0C Model Hold 'mach:M1|clkdiv:D1|clock'
Slack : 0.328
TNS   : 0.000

Type  : Slow 1200mV 0C Model Hold 'ADC_CLK_10'
Slack : 0.377
TNS   : 0.000

Type  : Slow 1200mV 0C Model Recovery 'mach:M1|clkdiv:D1|clock'
Slack : -1.629
TNS   : -4.887

Type  : Slow 1200mV 0C Model Removal 'mach:M1|clkdiv:D1|clock'
Slack : 1.979
TNS   : 0.000

Type  : Slow 1200mV 0C Model Minimum Pulse Width 'ADC_CLK_10'
Slack : -3.000
TNS   : -98.845

Type  : Slow 1200mV 0C Model Minimum Pulse Width 'mach:M1|clkdiv:D1|clock'
Slack : -1.403
TNS   : -4.209

Type  : Slow 1200mV 0C Model Minimum Pulse Width 'slowclk:D1|clock'
Slack : -1.403
TNS   : -2.806

Type  : Fast 1200mV 0C Model Setup 'ADC_CLK_10'
Slack : -1.484
TNS   : -46.573

Type  : Fast 1200mV 0C Model Setup 'mach:M1|clkdiv:D1|clock'
Slack : -0.321
TNS   : -0.840

Type  : Fast 1200mV 0C Model Setup 'slowclk:D1|clock'
Slack : 0.625
TNS   : 0.000

Type  : Fast 1200mV 0C Model Hold 'slowclk:D1|clock'
Slack : 0.151
TNS   : 0.000

Type  : Fast 1200mV 0C Model Hold 'mach:M1|clkdiv:D1|clock'
Slack : 0.156
TNS   : 0.000

Type  : Fast 1200mV 0C Model Hold 'ADC_CLK_10'
Slack : 0.163
TNS   : 0.000

Type  : Fast 1200mV 0C Model Recovery 'mach:M1|clkdiv:D1|clock'
Slack : -0.248
TNS   : -0.744

Type  : Fast 1200mV 0C Model Removal 'mach:M1|clkdiv:D1|clock'
Slack : 0.901
TNS   : 0.000

Type  : Fast 1200mV 0C Model Minimum Pulse Width 'ADC_CLK_10'
Slack : -3.000
TNS   : -80.155

Type  : Fast 1200mV 0C Model Minimum Pulse Width 'mach:M1|clkdiv:D1|clock'
Slack : -1.000
TNS   : -3.000

Type  : Fast 1200mV 0C Model Minimum Pulse Width 'slowclk:D1|clock'
Slack : -1.000
TNS   : -2.000

------------------------------------------------------------
